// Jest Snapshot v1, https://goo.gl/fbAQLP

exports[`PageHeader renders correctly 1`] = `
<header
  className="header"
>
  <h1
    className="header-title"
  >
    todos
  </h1>
</header>
`;
